../Drivers/CMSIS/Include/core_cm4.h:1684:22:__NVIC_EnableIRQ	16	static,ignoring_inline_asm
../Core/Src/usart1.c:20:6:USART1_Init	8	static
../Core/Src/usart1.c:74:6:UART1_BufferInit	24	static
../Core/Src/usart1.c:83:6:USART1_BufferEmpty	16	static
../Core/Src/usart1.c:87:6:USART1_BufferFull	16	static
../Core/Src/usart1.c:91:6:USART1_BufferWrite	16	static,ignoring_inline_asm
../Core/Src/usart1.c:107:6:USART1_DataAvailable	8	static
../Core/Src/usart1.c:111:9:USART1_BufferRead	24	static,ignoring_inline_asm
../Core/Src/usart1.c:126:6:USART1_SendChar	16	static,ignoring_inline_asm
../Core/Src/usart1.c:142:6:USART1_SendString	16	static
../Core/Src/usart1.c:148:9:USART1_GetChar	8	static
../Core/Src/usart1.c:152:6:USART1_SendNumber	40	static
../Core/Src/usart1.c:174:6:USART1_SendHex	24	static
