../Drivers/CMSIS/Include/core_cm4.h:1684:22:__NVIC_EnableIRQ	16	static,ignoring_inline_asm
../Core/Src/usart1.c:20:6:USART1_Init	8	static
../Core/Src/usart1.c:73:6:UART1_BufferInit	24	static
../Core/Src/usart1.c:82:6:USART1_BufferEmpty	16	static
../Core/Src/usart1.c:86:6:USART1_BufferFull	16	static
../Core/Src/usart1.c:90:6:USART1_BufferWrite	16	static,ignoring_inline_asm
../Core/Src/usart1.c:106:6:USART1_DataAvailable	8	static
../Core/Src/usart1.c:110:9:USART1_BufferRead	24	static,ignoring_inline_asm
../Core/Src/usart1.c:125:6:USART1_SendChar	16	static,ignoring_inline_asm
../Core/Src/usart1.c:141:6:USART1_SendString	16	static
../Core/Src/usart1.c:147:9:USART1_GetChar	8	static
../Core/Src/usart1.c:151:6:USART1_SendNumber	40	static
../Core/Src/usart1.c:173:6:USART1_SendHex	24	static
../Core/Src/usart1.c:181:6:USART1_IRQHandler	16	static
